[INFO] Scanning for projects...
[INFO] 
[INFO] ----------------< com.vivekvarma1:movie-booking-system >----------------
[INFO] Building  0.0.1-SNAPSHOT
[INFO]   from pom.xml
[INFO] --------------------------------[ jar ]---------------------------------
[INFO] 
[INFO] --- clean:3.5.0:clean (default-clean) @ movie-booking-system ---
[INFO] Deleting /home/user/Videos/LLD/Projects/monolithic_movie-booking/movie-booking-system/target
[INFO] 
[INFO] --- resources:3.5.0:resources (default-resources) @ movie-booking-system ---
[INFO] Copying 1 resource from src/main/resources to target/classes
[INFO] Copying 0 resource from src/main/resources to target/classes
[INFO] 
[INFO] --- compiler:3.15.0:compile (default-compile) @ movie-booking-system ---
[INFO] Recompiling the module because of changed source code.
[INFO] Compiling 175 source files with javac [debug parameters release 21] to target/classes
[INFO] /home/user/Videos/LLD/Projects/monolithic_movie-booking/movie-booking-system/src/main/java/com/vivekvarma1/moviebooking/security/jwt/JwtAuthenticationFilter.java: /home/user/Videos/LLD/Projects/monolithic_movie-booking/movie-booking-system/src/main/java/com/vivekvarma1/moviebooking/security/jwt/JwtAuthenticationFilter.java uses or overrides a deprecated API.
[INFO] /home/user/Videos/LLD/Projects/monolithic_movie-booking/movie-booking-system/src/main/java/com/vivekvarma1/moviebooking/security/jwt/JwtAuthenticationFilter.java: Recompile with -Xlint:deprecation for details.
[INFO] -------------------------------------------------------------
[WARNING] COMPILATION WARNING : 
[INFO] -------------------------------------------------------------
[WARNING] /home/user/Videos/LLD/Projects/monolithic_movie-booking/movie-booking-system/src/main/java/com/vivekvarma1/moviebooking/user/mapper/UserMapper.java:[14,10] Unmapped target properties: "id, email, role, enabled, createdAt, authorities".
[WARNING] /home/user/Videos/LLD/Projects/monolithic_movie-booking/movie-booking-system/src/main/java/com/vivekvarma1/moviebooking/event/mapper/MovieMapper.java:[24,11] Unmapped target property: "posterUrl".
[WARNING] /home/user/Videos/LLD/Projects/monolithic_movie-booking/movie-booking-system/src/main/java/com/vivekvarma1/moviebooking/event/mapper/MovieMapper.java:[42,10] Unmapped target properties: "id, movieName, durationInMinutes, language, genres, certificate, releaseDate, version, createdAt, updatedAt".
[WARNING] /home/user/Videos/LLD/Projects/monolithic_movie-booking/movie-booking-system/src/main/java/com/vivekvarma1/moviebooking/config/RabbitMQConfig.java:[24,20] org.springframework.amqp.support.converter.Jackson2JsonMessageConverter in org.springframework.amqp.support.converter has been deprecated and marked for removal
[INFO] 4 warnings 
[INFO] -------------------------------------------------------------
[INFO] -------------------------------------------------------------
[ERROR] COMPILATION ERROR : 
[INFO] -------------------------------------------------------------
[ERROR] /home/user/Videos/LLD/Projects/monolithic_movie-booking/movie-booking-system/src/main/java/com/vivekvarma1/moviebooking/theatre/service/TheatreServiceImpl.java:[169,29] cannot find symbol
  symbol:   method existsByTheatre_Id(java.lang.Long)
  location: variable screenRepository of type com.vivekvarma1.moviebooking.theatre.repository.ScreenRepository
[INFO] 1 error
[INFO] -------------------------------------------------------------
[INFO] ------------------------------------------------------------------------
[INFO] BUILD FAILURE
[INFO] ------------------------------------------------------------------------
[INFO] Total time:  10.044 s
[INFO] Finished at: 2026-09-09T10:39:33+05:30
[INFO] ------------------------------------------------------------------------
[ERROR] Failed to execute goal org.apache.maven.plugins:maven-compiler-plugin:3.15.0:compile (default-compile) on project movie-booking-system: Compilation failure
[ERROR] /home/user/Videos/LLD/Projects/monolithic_movie-booking/movie-booking-system/src/main/java/com/vivekvarma1/moviebooking/theatre/service/TheatreServiceImpl.java:[169,29] cannot find symbol
[ERROR]   symbol:   method existsByTheatre_Id(java.lang.Long)
[ERROR]   location: variable screenRepository of type com.vivekvarma1.moviebooking.theatre.repository.ScreenRepository
[ERROR] 
[ERROR] -> [Help 1]
[ERROR] 
[ERROR] To see the full stack trace of the errors, re-run Maven with the -e switch.
[ERROR] Re-run Maven using the -X switch to enable full debug logging.
[ERROR] 
[ERROR] For more information about the errors and possible solutions, please read the following articles:
[ERROR] [Help 1] http://cwiki.apache.org/confluence/display/MAVEN/MojoFailureException
